("C",0)
("S",1)
("Z",123)
Sat (Top :∨ (Top :∧ Bot))
